// 重构日志: 738384b1
// 重构日志: 21ae5370
// 同步 ID: 93efb097 @ Tue Jul 21 18:31:59 UTC 2026
// 重构日志: 24bcfe77
// 同步 ID: 16853380 @ Thu Jul 23 16:17:57 UTC 2026
// 重构日志: 4218c27a
// 重构日志: 9c162275
// 同步 ID: 4cf748eb @ Sat Jul 25 23:55:07 UTC 2026
// 重构日志: a3461365
// 重构日志: 55cc213c
// 重构日志: a098d3da
// 同步 ID: 574f4a68 @ Wed Jul 29 21:46:42 UTC 2026
// 重构日志: a9eb6442
// 重构日志: 6696433d
// 同步 ID: db9e9fc0 @ Fri Jul 31 01:56:12 UTC 2026
// 重构日志: d7062ae1
// 重构日志: 4305375b
// 重构日志: 57338c97
// 同步 ID: 90371dce @ Sun Aug  2 05:36:45 UTC 2026
// 重构日志: 024448ca
// 重构日志: 767f5d5e
// 重构日志: e0b093f8
// 重构日志: 4cd8ff1a
// 重构日志: 376faeea
// 同步 ID: 56d85afb @ Tue Aug  4 07:55:52 UTC 2026
// 重构日志: 3dd33f4a
// 重构日志: bf7557ed
// 同步 ID: 600d4f89 @ Wed Aug  5 08:06:08 UTC 2026
// 重构日志: b06ab1ca
// 同步 ID: 721ed3c3 @ Thu Aug  6 01:53:46 UTC 2026
// 重构日志: 5ba3745d
